Archive member included because of file (symbol)

c:/winavr-20100110/bin/../lib/gcc/avr/4.3.3/avr5\libgcc.a(_exit.o)
                              c:/winavr-20100110/bin/../lib/gcc/avr/4.3.3/../../../../avr/lib/avr5/crtm16.o (exit)
c:/winavr-20100110/bin/../lib/gcc/avr/4.3.3/avr5\libgcc.a(_copy_data.o)
                              ./HAL/NRF_DRIVER_DIO/DIO-prog.o (__do_copy_data)
c:/winavr-20100110/bin/../lib/gcc/avr/4.3.3/avr5\libgcc.a(_clear_bss.o)
                              ./HAL/NRF_DRIVER_DIO/nrf24.o (__do_clear_bss)

Allocating common symbols
Common symbol       size              file

payload_len         0x1               ./HAL/NRF_DRIVER_DIO/nrf24.o

Memory Configuration

Name             Origin             Length             Attributes
text             0x00000000         0x00020000         xr
data             0x00800060         0x0000ffa0         rw !x
eeprom           0x00810000         0x00010000         rw !x
fuse             0x00820000         0x00000400         rw !x
lock             0x00830000         0x00000400         rw !x
signature        0x00840000         0x00000400         rw !x
*default*        0x00000000         0xffffffff

Linker script and memory map

LOAD c:/winavr-20100110/bin/../lib/gcc/avr/4.3.3/../../../../avr/lib/avr5/crtm16.o
LOAD ./HAL/NRF_DRIVER_DIO/DIO-prog.o
LOAD ./HAL/NRF_DRIVER_DIO/nrf24.o
LOAD c:/winavr-20100110/bin/../lib/gcc/avr/4.3.3/avr5\libgcc.a
LOAD c:/winavr-20100110/bin/../lib/gcc/avr/4.3.3/../../../../avr/lib/avr5\libc.a
LOAD c:/winavr-20100110/bin/../lib/gcc/avr/4.3.3/avr5\libgcc.a

.hash
 *(.hash)

.dynsym
 *(.dynsym)

.dynstr
 *(.dynstr)

.gnu.version
 *(.gnu.version)

.gnu.version_d
 *(.gnu.version_d)

.gnu.version_r
 *(.gnu.version_r)

.rel.init
 *(.rel.init)

.rela.init
 *(.rela.init)

.rel.text
 *(.rel.text)
 *(.rel.text.*)
 *(.rel.gnu.linkonce.t*)

.rela.text
 *(.rela.text)
 *(.rela.text.*)
 *(.rela.gnu.linkonce.t*)

.rel.fini
 *(.rel.fini)

.rela.fini
 *(.rela.fini)

.rel.rodata
 *(.rel.rodata)
 *(.rel.rodata.*)
 *(.rel.gnu.linkonce.r*)

.rela.rodata
 *(.rela.rodata)
 *(.rela.rodata.*)
 *(.rela.gnu.linkonce.r*)

.rel.data
 *(.rel.data)
 *(.rel.data.*)
 *(.rel.gnu.linkonce.d*)

.rela.data
 *(.rela.data)
 *(.rela.data.*)
 *(.rela.gnu.linkonce.d*)

.rel.ctors
 *(.rel.ctors)

.rela.ctors
 *(.rela.ctors)

.rel.dtors
 *(.rel.dtors)

.rela.dtors
 *(.rela.dtors)

.rel.got
 *(.rel.got)

.rela.got
 *(.rela.got)

.rel.bss
 *(.rel.bss)

.rela.bss
 *(.rela.bss)

.rel.plt
 *(.rel.plt)

.rela.plt
 *(.rela.plt)

.text           0x00000000      0xb3e
 *(.vectors)
 .vectors       0x00000000       0x54 c:/winavr-20100110/bin/../lib/gcc/avr/4.3.3/../../../../avr/lib/avr5/crtm16.o
                0x00000000                __vectors
                0x00000000                __vector_default
 *(.vectors)
 *(.progmem.gcc*)
 *(.progmem*)
                0x00000054                . = ALIGN (0x2)
                0x00000054                __trampolines_start = .
 *(.trampolines)
 .trampolines   0x00000054        0x0 linker stubs
 *(.trampolines*)
                0x00000054                __trampolines_end = .
 *(.jumptables)
 *(.jumptables*)
 *(.lowtext)
 *(.lowtext*)
                0x00000054                __ctors_start = .
 *(.ctors)
                0x00000054                __ctors_end = .
                0x00000054                __dtors_start = .
 *(.dtors)
                0x00000054                __dtors_end = .
 SORT(*)(.ctors)
 SORT(*)(.dtors)
 *(.init0)
 .init0         0x00000054        0x0 c:/winavr-20100110/bin/../lib/gcc/avr/4.3.3/../../../../avr/lib/avr5/crtm16.o
                0x00000054                __init
 *(.init0)
 *(.init1)
 *(.init1)
 *(.init2)
 .init2         0x00000054        0xc c:/winavr-20100110/bin/../lib/gcc/avr/4.3.3/../../../../avr/lib/avr5/crtm16.o
 *(.init2)
 *(.init3)
 *(.init3)
 *(.init4)
 .init4         0x00000060       0x16 c:/winavr-20100110/bin/../lib/gcc/avr/4.3.3/avr5\libgcc.a(_copy_data.o)
                0x00000060                __do_copy_data
 .init4         0x00000076       0x10 c:/winavr-20100110/bin/../lib/gcc/avr/4.3.3/avr5\libgcc.a(_clear_bss.o)
                0x00000076                __do_clear_bss
 *(.init4)
 *(.init5)
 *(.init5)
 *(.init6)
 *(.init6)
 *(.init7)
 *(.init7)
 *(.init8)
 *(.init8)
 *(.init9)
 .init9         0x00000086        0x8 c:/winavr-20100110/bin/../lib/gcc/avr/4.3.3/../../../../avr/lib/avr5/crtm16.o
 *(.init9)
 *(.text)
 .text          0x0000008e        0x4 c:/winavr-20100110/bin/../lib/gcc/avr/4.3.3/../../../../avr/lib/avr5/crtm16.o
                0x0000008e                __vector_1
                0x0000008e                __vector_12
                0x0000008e                __bad_interrupt
                0x0000008e                __vector_6
                0x0000008e                __vector_3
                0x0000008e                __vector_11
                0x0000008e                __vector_13
                0x0000008e                __vector_17
                0x0000008e                __vector_19
                0x0000008e                __vector_7
                0x0000008e                __vector_5
                0x0000008e                __vector_4
                0x0000008e                __vector_9
                0x0000008e                __vector_2
                0x0000008e                __vector_15
                0x0000008e                __vector_8
                0x0000008e                __vector_14
                0x0000008e                __vector_10
                0x0000008e                __vector_16
                0x0000008e                __vector_18
                0x0000008e                __vector_20
 .text          0x00000092        0x0 ./HAL/NRF_DRIVER_DIO/DIO-prog.o
 .text          0x00000092        0x0 ./HAL/NRF_DRIVER_DIO/nrf24.o
 .text          0x00000092        0x0 c:/winavr-20100110/bin/../lib/gcc/avr/4.3.3/avr5\libgcc.a(_exit.o)
 .text          0x00000092        0x0 c:/winavr-20100110/bin/../lib/gcc/avr/4.3.3/avr5\libgcc.a(_copy_data.o)
 .text          0x00000092        0x0 c:/winavr-20100110/bin/../lib/gcc/avr/4.3.3/avr5\libgcc.a(_clear_bss.o)
                0x00000092                . = ALIGN (0x2)
 *(.text.*)
 .text.DIO_voidInit
                0x00000092       0x72 ./HAL/NRF_DRIVER_DIO/DIO-prog.o
                0x00000092                DIO_voidInit
 .text.DIO_u8ReadPinVal
                0x00000104       0x96 ./HAL/NRF_DRIVER_DIO/DIO-prog.o
                0x00000104                DIO_u8ReadPinVal
 .text.DIO_u8WritePinVal
                0x0000019a       0xfc ./HAL/NRF_DRIVER_DIO/DIO-prog.o
                0x0000019a                DIO_u8WritePinVal
 .text.DIO_u8ReadPortVal
                0x00000296       0x4e ./HAL/NRF_DRIVER_DIO/DIO-prog.o
                0x00000296                DIO_u8ReadPortVal
 .text.DIO_u8WritePortVal
                0x000002e4       0x68 ./HAL/NRF_DRIVER_DIO/DIO-prog.o
                0x000002e4                DIO_u8WritePortVal
 .text.DIO_u8WritePinDir
                0x0000034c       0xa8 ./HAL/NRF_DRIVER_DIO/DIO-prog.o
                0x0000034c                DIO_u8WritePinDir
 .text.DIO_u8WritePortDir
                0x000003f4       0x46 ./HAL/NRF_DRIVER_DIO/DIO-prog.o
                0x000003f4                DIO_u8WritePortDir
 .text.DIO_u8ReadPinDir
                0x0000043a       0x96 ./HAL/NRF_DRIVER_DIO/DIO-prog.o
                0x0000043a                DIO_u8ReadPinDir
 .text.DIO_u8ReadPortDir
                0x000004d0       0x4e ./HAL/NRF_DRIVER_DIO/DIO-prog.o
                0x000004d0                DIO_u8ReadPortDir
 .text.nrf24_init
                0x0000051e       0x22 ./HAL/NRF_DRIVER_DIO/nrf24.o
                0x0000051e                nrf24_init
 .text.nrf24_config
                0x00000540       0x8e ./HAL/NRF_DRIVER_DIO/nrf24.o
                0x00000540                nrf24_config
 .text.nrf24_rx_address
                0x000005ce       0x36 ./HAL/NRF_DRIVER_DIO/nrf24.o
                0x000005ce                nrf24_rx_address
 .text.nrf24_payload_length
                0x00000604       0x12 ./HAL/NRF_DRIVER_DIO/nrf24.o
                0x00000604                nrf24_payload_length
 .text.nrf24_tx_address
                0x00000616       0x34 ./HAL/NRF_DRIVER_DIO/nrf24.o
                0x00000616                nrf24_tx_address
 .text.nrf24_dataReady
                0x0000064a       0x3e ./HAL/NRF_DRIVER_DIO/nrf24.o
                0x0000064a                nrf24_dataReady
 .text.nrf24_rxFifoEmpty
                0x00000688       0x26 ./HAL/NRF_DRIVER_DIO/nrf24.o
                0x00000688                nrf24_rxFifoEmpty
 .text.nrf24_payloadLength
                0x000006ae       0x32 ./HAL/NRF_DRIVER_DIO/nrf24.o
                0x000006ae                nrf24_payloadLength
 .text.nrf24_getData
                0x000006e0       0x4a ./HAL/NRF_DRIVER_DIO/nrf24.o
                0x000006e0                nrf24_getData
 .text.nrf24_retransmissionCount
                0x0000072a       0x2a ./HAL/NRF_DRIVER_DIO/nrf24.o
                0x0000072a                nrf24_retransmissionCount
 .text.nrf24_send
                0x00000754       0x66 ./HAL/NRF_DRIVER_DIO/nrf24.o
                0x00000754                nrf24_send
 .text.nrf24_isSending
                0x000007ba       0x32 ./HAL/NRF_DRIVER_DIO/nrf24.o
                0x000007ba                nrf24_isSending
 .text.nrf24_getStatus
                0x000007ec       0x2c ./HAL/NRF_DRIVER_DIO/nrf24.o
                0x000007ec                nrf24_getStatus
 .text.nrf24_lastMessageStatus
                0x00000818       0x46 ./HAL/NRF_DRIVER_DIO/nrf24.o
                0x00000818                nrf24_lastMessageStatus
 .text.nrf24_powerUpRx
                0x0000085e       0x44 ./HAL/NRF_DRIVER_DIO/nrf24.o
                0x0000085e                nrf24_powerUpRx
 .text.nrf24_powerUpTx
                0x000008a2       0x1e ./HAL/NRF_DRIVER_DIO/nrf24.o
                0x000008a2                nrf24_powerUpTx
 .text.nrf24_powerDown
                0x000008c0       0x1e ./HAL/NRF_DRIVER_DIO/nrf24.o
                0x000008c0                nrf24_powerDown
 .text.spi_transfer
                0x000008de       0xa8 ./HAL/NRF_DRIVER_DIO/nrf24.o
                0x000008de                spi_transfer
 .text.nrf24_transferSync
                0x00000986       0x6e ./HAL/NRF_DRIVER_DIO/nrf24.o
                0x00000986                nrf24_transferSync
 .text.nrf24_transmitSync
                0x000009f4       0x48 ./HAL/NRF_DRIVER_DIO/nrf24.o
                0x000009f4                nrf24_transmitSync
 .text.nrf24_configRegister
                0x00000a3c       0x38 ./HAL/NRF_DRIVER_DIO/nrf24.o
                0x00000a3c                nrf24_configRegister
 .text.nrf24_readRegister
                0x00000a74       0x4a ./HAL/NRF_DRIVER_DIO/nrf24.o
                0x00000a74                nrf24_readRegister
 .text.nrf24_writeRegister
                0x00000abe       0x46 ./HAL/NRF_DRIVER_DIO/nrf24.o
                0x00000abe                nrf24_writeRegister
 .text.nrf24_setupPins
                0x00000b04       0x36 ./HAL/NRF_DRIVER_DIO/nrf24.o
                0x00000b04                nrf24_setupPins
 .text.libgcc   0x00000b3a        0x0 c:/winavr-20100110/bin/../lib/gcc/avr/4.3.3/avr5\libgcc.a(_exit.o)
 .text.libgcc   0x00000b3a        0x0 c:/winavr-20100110/bin/../lib/gcc/avr/4.3.3/avr5\libgcc.a(_copy_data.o)
 .text.libgcc   0x00000b3a        0x0 c:/winavr-20100110/bin/../lib/gcc/avr/4.3.3/avr5\libgcc.a(_clear_bss.o)
                0x00000b3a                . = ALIGN (0x2)
 *(.fini9)
 .fini9         0x00000b3a        0x0 c:/winavr-20100110/bin/../lib/gcc/avr/4.3.3/avr5\libgcc.a(_exit.o)
                0x00000b3a                exit
                0x00000b3a                _exit
 *(.fini9)
 *(.fini8)
 *(.fini8)
 *(.fini7)
 *(.fini7)
 *(.fini6)
 *(.fini6)
 *(.fini5)
 *(.fini5)
 *(.fini4)
 *(.fini4)
 *(.fini3)
 *(.fini3)
 *(.fini2)
 *(.fini2)
 *(.fini1)
 *(.fini1)
 *(.fini0)
 .fini0         0x00000b3a        0x4 c:/winavr-20100110/bin/../lib/gcc/avr/4.3.3/avr5\libgcc.a(_exit.o)
 *(.fini0)
                0x00000b3e                _etext = .

.data           0x00800060       0x18 load address 0x00000b3e
                0x00800060                PROVIDE (__data_start, .)
 *(.data)
 .data          0x00800060        0x0 c:/winavr-20100110/bin/../lib/gcc/avr/4.3.3/../../../../avr/lib/avr5/crtm16.o
 .data          0x00800060        0x0 ./HAL/NRF_DRIVER_DIO/DIO-prog.o
 .data          0x00800060        0x0 ./HAL/NRF_DRIVER_DIO/nrf24.o
 .data          0x00800060        0x0 c:/winavr-20100110/bin/../lib/gcc/avr/4.3.3/avr5\libgcc.a(_exit.o)
 .data          0x00800060        0x0 c:/winavr-20100110/bin/../lib/gcc/avr/4.3.3/avr5\libgcc.a(_copy_data.o)
 .data          0x00800060        0x0 c:/winavr-20100110/bin/../lib/gcc/avr/4.3.3/avr5\libgcc.a(_clear_bss.o)
 *(.data*)
 *(.rodata)
 *(.rodata*)
 .rodata.DIO_u8Ports
                0x00800060        0x8 ./HAL/NRF_DRIVER_DIO/DIO-prog.o
 .rodata.DIO_u8Ddrs
                0x00800068        0x8 ./HAL/NRF_DRIVER_DIO/DIO-prog.o
 .rodata.DIO_u8Pins
                0x00800070        0x8 ./HAL/NRF_DRIVER_DIO/DIO-prog.o
 *(.gnu.linkonce.d*)
                0x00800078                . = ALIGN (0x2)
                0x00800078                _edata = .
                0x00800078                PROVIDE (__data_end, .)

.bss            0x00800078        0x1
                0x00800078                PROVIDE (__bss_start, .)
 *(.bss)
 .bss           0x00800078        0x0 c:/winavr-20100110/bin/../lib/gcc/avr/4.3.3/../../../../avr/lib/avr5/crtm16.o
 .bss           0x00800078        0x0 ./HAL/NRF_DRIVER_DIO/DIO-prog.o
 .bss           0x00800078        0x0 ./HAL/NRF_DRIVER_DIO/nrf24.o
 .bss           0x00800078        0x0 c:/winavr-20100110/bin/../lib/gcc/avr/4.3.3/avr5\libgcc.a(_exit.o)
 .bss           0x00800078        0x0 c:/winavr-20100110/bin/../lib/gcc/avr/4.3.3/avr5\libgcc.a(_copy_data.o)
 .bss           0x00800078        0x0 c:/winavr-20100110/bin/../lib/gcc/avr/4.3.3/avr5\libgcc.a(_clear_bss.o)
 *(.bss*)
 *(COMMON)
 COMMON         0x00800078        0x1 ./HAL/NRF_DRIVER_DIO/nrf24.o
                0x00800078                payload_len
                0x00800079                PROVIDE (__bss_end, .)
                0x00000b3e                __data_load_start = LOADADDR (.data)
                0x00000b56                __data_load_end = (__data_load_start + SIZEOF (.data))

.noinit         0x00800079        0x0
                0x00800079                PROVIDE (__noinit_start, .)
 *(.noinit*)
                0x00800079                PROVIDE (__noinit_end, .)
                0x00800079                _end = .
                0x00800079                PROVIDE (__heap_start, .)

.eeprom         0x00810000        0x0
 *(.eeprom*)
                0x00810000                __eeprom_end = .

.fuse
 *(.fuse)
 *(.lfuse)
 *(.hfuse)
 *(.efuse)

.lock
 *(.lock*)

.signature
 *(.signature*)

.stab           0x00000000     0x15f0
 *(.stab)
 .stab          0x00000000      0x834 ./HAL/NRF_DRIVER_DIO/DIO-prog.o
 .stab          0x00000834      0xdbc ./HAL/NRF_DRIVER_DIO/nrf24.o
                                0xe28 (size before relaxing)

.stabstr        0x00000000      0xc1f
 *(.stabstr)
 .stabstr       0x00000000      0xc1f ./HAL/NRF_DRIVER_DIO/DIO-prog.o

.stab.excl
 *(.stab.excl)

.stab.exclstr
 *(.stab.exclstr)

.stab.index
 *(.stab.index)

.stab.indexstr
 *(.stab.indexstr)

.comment
 *(.comment)

.debug
 *(.debug)

.line
 *(.line)

.debug_srcinfo
 *(.debug_srcinfo)

.debug_sfnames
 *(.debug_sfnames)

.debug_aranges
 *(.debug_aranges)

.debug_pubnames
 *(.debug_pubnames)

.debug_info
 *(.debug_info)
 *(.gnu.linkonce.wi.*)

.debug_abbrev
 *(.debug_abbrev)

.debug_line
 *(.debug_line)

.debug_frame
 *(.debug_frame)

.debug_str
 *(.debug_str)

.debug_loc
 *(.debug_loc)

.debug_macinfo
 *(.debug_macinfo)
OUTPUT(WSN.elf elf32-avr)
LOAD linker stubs
